// Jest Snapshot v1, https://goo.gl/fbAQLP

exports[`Testing <RandomChar/> Testing snap & state RandomChar have rendered correctly 1`] = `ShallowWrapper {}`;
